lab,state,test_time,specimen_id,observation
lab1,FL,20201010174231+0000,28504428,covid-19:neg
lab1,AZ,20201010174231+0000,46000469,covid-19:neg
lab1,FL,20201010174231+0000,89423698,covid-19:neg
lab1,FL,20201010174231+0000,22829307,covid-19:pos
lab1,FL,20201010174231+0000,77404373,covid-19:neg
lab1,FL,20201010174231+0000,43269633,covid-19:neg
lab1,FL,20201010174231+0000,31027967,covid-19:pos
