Patient_last_name,Patient_first_name,Patient_middle_name,Patient_suffix,Patient_ID,Ordered_test_name,Specimen_source_site,Specimen_type_code,Device_ID,Device_type,Instrument_ID,Testing_lab_specimen_ID,Test_result_code,Illness_onset_date,Specimen_collection_date_time,Order_test_date,Test_date,Date_result_released,Patient_race,Patient_DOB,Patient_gender,Patient_ethnicity,Patient_street,Patient_street_2,Patient_city,Patient_state,Patient_zip_code,Patient_phone_number,Patient_county,Patient_role,Employed_in_healthcare,Resident_congregate_setting,First_test,Symptomatic_for_disease,Testing_lab_name,Testing_lab_CLIA,Testing_lab_street,Testing_lab_street_2,Testing_lab_city,Testing_lab_state,Testing_lab_zip_code,Testing_lab_phone_number,Testing_lab_county,Ordering_facility_name,Ordering_facility_street,Ordering_facility_street_2,Ordering_facility_city,Ordering_facility_state,Ordering_facility_zip_code,Ordering_facility_phone_number,Ordering_facility_county,Ordering_provider_ID,Ordering_provider_last_name,Ordering_provider_first_name,Ordering_provider_street,Ordering_provider_street_2,Ordering_provider_city,Ordering_provider_state,Ordering_provider_zip_code,Ordering_provider_phone_number,Ordering_provider_county
Schaefer,Stephenie,Davis,Sr.,kc3oy,SARS-CoV-2 (COVID-19) Ag [Presence] in Respiratory specimen by Rapid immunoassay,Nasopharyngeal structure (body structure),Dried blood spot specimen,BinaxNOW COVID-19 Ag Card,Antigen,734189,885617,Disease caused by sever acute respiratory syndrome coronavirus 2 (disorder),2021-06-06,2021-06-04,2021-06-03,2021-05-31,2021-05-28,"Asked, but unknown",1993-02-27,U,Non Hispanic or Latino,96633 Gilberto Course,,,IG,,2607595016,CSV,wy48j0f,UNK,N,N,Y,ypcsjnr79,36D1332559,386 Mary Manors,,,IG,,2806171591,CSV,"ypcsjnr79, Any facility USA",7143 Wilford Meadow,,,IG,,2356754082,CSV,1234567893,Hane,Cornelius,395 Tenesha Stravenue,,,IG,,2851389942,CSV
