Patient_last_name,Patient_first_name,Patient_middle_name,Patient_suffix,Patient_ID,Ordered_test_name,Specimen_source_site,Specimen_type_code,Device_ID,Device_type,Instrument_ID,Testing_lab_specimen_ID,Test_result_code,Illness_onset_date,Specimen_collection_date_time,Order_test_date,Test_date,Date_result_released,Patient_race,Patient_DOB,Patient_gender,Patient_ethnicity,Patient_street,Patient_street_2,Patient_city,Patient_state,Patient_zip_code,Patient_phone_number,Patient_county,Patient_role,Employed_in_healthcare,Resident_congregate_setting,First_test,Symptomatic_for_disease,Testing_lab_name,Testing_lab_CLIA,Testing_lab_street,Testing_lab_street_2,Testing_lab_city,Testing_lab_state,Testing_lab_zip_code,Testing_lab_phone_number,Testing_lab_county,Ordering_facility_name,Ordering_facility_street,Ordering_facility_street_2,Ordering_facility_city,Ordering_facility_state,Ordering_facility_zip_code,Ordering_facility_phone_number,Ordering_facility_county,Ordering_provider_ID,Ordering_provider_last_name,Ordering_provider_first_name,Ordering_provider_street,Ordering_provider_street_2,Ordering_provider_city,Ordering_provider_state,Ordering_provider_zip_code,Ordering_provider_phone_number,Ordering_provider_county
Grimes,Geralyn,,,1,SARS-CoV-2 (COVID-19) Ag [Presence] in Respiratory specimen by Rapid immunoassay,Blood specimen (specimen),Swab of internal nose,BinaxNOW COVID-19 Ag Card,Antigen,173132,987379,Not detected,,2020-12-08,2020-12-14,2020-12-14,2020-12-14,,1970-05-12,,,,,,AZ,20782,3013588628,,,,,,,"Org1, Lab1",42D4513038,4149 Kelly Mills,xxx,Bertfurt,TX,23707-6278,8063832361,Stephens,"Org1, Flat Plains",3562 Lockman Tunnel,xxx,Darrylberg,AZ,59206,5519124625,Pima,2818874311,,,,,,,,,
Auer,Brain,,,3,SARS-CoV-2 (COVID-19) Ag [Presence] in Respiratory specimen by Rapid immunoassay,Blood specimen (specimen),Dried blood spot specimen,BinaxNOW COVID-19 Ag Card,Antigen,60675,576348,Inconclusive,,2020-12-15,2020-12-06,2020-12-11,2020-12-06,Other,2007-10-04,A,Non Hispanic or Latino,568 Murray Camp,xxx,Port Mauriceburgh,AZ,31546-5685,7671648837,Reeves,Student,Y,N,N,N,"Org1, Lab3",58D1070000,3808 Champlin Drives,xxx,New Gavin,FL,55931,2223959292,Manatee,"Org1, Flat Plains",938 Tia Terrace,xxx,Laurenchester,AZ,76948,8538558970,Pima,3457566129,,,,,,,,,
Beatty,Margarito,,IV,5,SARS-CoV-2 (COVID-19) Ag [Presence] in Respiratory specimen by Rapid immunoassay,Blood specimen (specimen),Plasma specimen,BinaxNOW COVID-19 Ag Card,Antigen,297465,899457,Detected,,2020-12-11,2020-12-07,2020-12-14,2020-12-13,Other,1943-05-31,A,Non Hispanic or Latino,06074 Wesley Branch,xxx,North Doramouth,AZ,53468,7863199472,Reeves,Teacher,Y,N,UNK,Y,"Org1, Lab5",26D1719043,16489 Steuber Mission,xxx,Port Ralph,TX,08572-4525,6851289989,Howard,"Org1, Flat Plains",7318 Watsica Islands,xxx,Matildeshire,AZ,39756-0572,5582435674,Pima,8546694692,,,,,,,,,
Goyette,Morris,,MD,7,SARS-CoV-2 (COVID-19) Ag [Presence] in Respiratory specimen by Rapid immunoassay,Blood specimen (specimen),Anterior nares swab,BinaxNOW COVID-19 Ag Card,Antigen,210703,624911,Not detected,,2020-12-09,2020-12-07,2020-12-13,2020-12-12,Black or African American,1935-10-04,U,Unknown,573 Kiesha Springs,xxx,Weimannstad,AZ,81407,6407144574,Reeves,Resident,UNK,UNK,Y,Y,"Org1, Lab2",17D0926164,902 Marilu Mills,xxx,West Mohammed,AZ,13523,6704995706,Pima,"Org1, Flat Plains",088 Lionel Stravenue,xxx,Bogisichhaven,AZ,42436-6077,2751713862,Pima,5748163412,,,,,,,,,
Cormier,Hilde,,DDS,9,SARS-CoV-2 (COVID-19) Ag [Presence] in Respiratory specimen by Rapid immunoassay,Blood specimen (specimen),Throat swab,BinaxNOW COVID-19 Ag Card,Antigen,325430,709392,Inconclusive,,2020-12-14,2020-12-13,2020-12-06,2020-12-08,Other,2011-07-29,U,Non Hispanic or Latino,2424 Derek Roads,xxx,South Jonathon,AZ,13720-7580,2497599364,Reeves,Visitor,N,UNK,Y,Y,"Org1, Lab4",74D7202750,4504 Langworth Skyway,xxx,New Marquitta,TX,38454-8777,9945005263,Stonewall,"Org1, Flat Plains",01411 Douglass Throughway,xxx,South Yelena,AZ,36797,9417948598,Pima,6462569746,,,,,,,,,
Batz,Paulette,Orville,V,11,SARS-CoV-2 (COVID-19) Ag [Presence] in Respiratory specimen by Rapid immunoassay,Blood specimen (specimen),Sputum specimen,BinaxNOW COVID-19 Ag Card,Antigen,618722,186508,Detected,2020-12-14,2020-12-14,2020-12-06,2020-12-09,2020-12-14,Other,2002-10-14,M,Hispanic or Latino,5593 Calvin Run,,Bradlytown,AZ,54953,7494655646,Reeves,Staff,Y,UNK,Y,UNK,"Org2, Lab1",41D5917345,25444 Karey Oval,,Anitaburgh,FL,14956,6428471316,Taylor,"Org2, Flat Plains",0097 Roob Meadow,,Port Casey,AZ,56457-1143,2473341752,Pima,8955370521,Beier,Shanta,525 Shayne Radial,,Schowalterville,FL,92756-7957,2707355367,Taylor
Hintz,Numbers,Christy,,13,SARS-CoV-2 (COVID-19) Ag [Presence] in Respiratory specimen by Rapid immunoassay,Blood specimen (specimen),Bronchoalveolar lavage fluid sample,BinaxNOW COVID-19 Ag Card,Antigen,24059,219064,Not detected,2020-12-06,2020-12-06,2020-12-07,2020-12-12,2020-12-10,White,1928-03-18,A,Non Hispanic or Latino,3855 Nerissa Harbor,,South Rodgerbury,AZ,65694-8149,5489822846,Reeves,Student,N,N,UNK,N,"Org2, Lab3",24D0690296,873 Tran Pass,,Deloiseport,PA,90776-1189,3136080248,Cameron,"Org2, Flat Plains",8133 Weissnat Prairie,,Kertzmannside,AZ,97241-4222,6891308198,Pima,9791599574,Anderson,Mica,37278 Kerluke Grove,,Ziemannstad,PA,91064-7294,6813719019,Cameron
Koss,Annamarie,Anton,,15,SARS coronavirus 2 RdRp gene [Presence] in Respiratory specimen by NAA with probe detection,Blood specimen (specimen),Throat swab,ID NOW,Molecular,374146,720547,Inconclusive,2020-12-09,2020-12-09,2020-12-08,2020-12-13,2020-12-12,White,1975-12-05,A,Non Hispanic or Latino,644 Mante Lodge,,North Masonside,AZ,85645,3061504718,Reeves,Teacher,Y,Y,UNK,Y,"Org2, Lab5",83D6954380,28952 Latoyia Brook,,Brettberg,AZ,21901-4254,4339341941,Yuma,"Org2, Flat Plains",08684 Hauck Gardens,,South Jimtown,AZ,25705-8663,8132506942,Pima,1233612133,Pagac,Bettye,88868 Carma Track,,Lonniefurt,AZ,51632,4251930449,Yuma
Brekke,Jeremy,Loise,,17,SARS coronavirus 2 RdRp gene [Presence] in Respiratory specimen by NAA with probe detection,Nasopharyngeal structure (body structure),Sputum specimen,ID NOW,Molecular,945715,124345,Detected,2020-12-05,2020-12-05,2020-12-10,2020-12-05,2020-12-12,White,1991-03-31,U,Unknown,9762 Gutmann Fields,,Boyerton,AZ,07826-7886,4920324893,Reeves,Resident,N,UNK,N,Y,"Org2, Lab2",10D5725100,87303 Steuber Throughway,,North Joseview,PA,14709,5992197476,Lawrence,"Org2, Flat Plains",261 Renae Lights,,Klockoburgh,AZ,76875-0327,1462403391,Pima,5600052686,Hoeger,Alethia,94590 Bergnaum Alley,,Cristville,PA,66331-5131,9862567083,Lawrence
Collier,Tish,Tommy,DDS,19,SARS coronavirus 2 RdRp gene [Presence] in Respiratory specimen by NAA with probe detection,Nasopharyngeal structure (body structure),Anterior nares swab,ID NOW,Molecular,856815,280090,Not detected,2020-12-13,2020-12-13,2020-12-13,2020-12-07,2020-12-08,Other,1985-01-09,U,Non Hispanic or Latino,6747 Arthur Isle,,South Josettemouth,AZ,29168-1212,6212046985,Reeves,Visitor,Y,UNK,N,UNK,"Org2, Lab4",43D1288750,04521 Nilda Viaduct,,Baumbachberg,TX,69580-0038,8969284733,Midland,"Org2, Flat Plains",08984 Minh Spring,,South Salville,AZ,16559-3039,9311578677,Pima,5725528235,Mosciski,Kayce,8541 Paulina Street,,Lake Leslee,TX,54649-7239,8237577546,Midland
Anderson,Chantal,Orville,,21,SARS coronavirus 2 RdRp gene [Presence] in Respiratory specimen by NAA with probe detection,Nasopharyngeal structure (body structure),Dried blood spot specimen,ID NOW,Molecular,283107,819624,Inconclusive,2020-12-13,2020-12-13,2020-12-13,2020-12-15,2020-12-09,Native Hawaiian or Other Pacific Islander,1977-05-29,M,Hispanic or Latino,038 Stacee Groves,,Treutelville,AZ,82281,3546760988,Reeves,Staff,N,Y,N,Y,"Org3, Lab1",85D1453868,62646 Graham Unions,,Port Antone,TX,55773,6717905007,Haskell,"Org3, Flat Plains",8130 Patrick Isle,,Kubstad,AZ,70878,6635827190,Pima,7167836653,Ratke,Weldon,26762 Merna Radial,,Port Tana,TX,04284,2595024515,Haskell
Hoeger,Jamaal,Christy,,23,SARS coronavirus 2 RdRp gene [Presence] in Respiratory specimen by NAA with probe detection,Nasopharyngeal structure (body structure),Bronchoalveolar lavage fluid sample,ID NOW,Molecular,368949,687500,Detected,2020-12-14,2020-12-14,2020-12-14,2020-12-10,2020-12-15,Other,1961-08-21,A,Non Hispanic or Latino,1970 Schultz Glen,,Port Galenberg,AZ,86940,2500640325,Reeves,Student,N,UNK,UNK,UNK,"Org3, Lab3",99D2270418,071 Schaden Canyon,,East Cornell,TX,44004,9130631073,Hopkins,"Org3, Flat Plains",492 Dicki Turnpike,,East Jerald,AZ,74701,5012901184,Pima,373727166,Wilderman,Brigid,8705 Raynor Extensions,,Danniestad,TX,87760,1849403251,Hopkins
Reichel,Vesta,Anton,II,25,SARS coronavirus 2 RdRp gene [Presence] in Respiratory specimen by NAA with probe detection,Nasopharyngeal structure (body structure),Plasma specimen,ID NOW,Molecular,242971,959664,Not detected,2020-12-10,2020-12-15,2020-12-11,2020-12-07,2020-12-08,Other,1955-06-20,A,Non Hispanic or Latino,29553 Rudolph Manor,,Melvaport,AZ,33123-0348,9716850500,Pima,Teacher,N,Y,UNK,UNK,"Org3, Lab5",66D7773401,310 Aufderhar Ridge,,Coreyfort,AZ,81811-0128,2920730713,Pima,"Org3, Flat Plains",209 Myrtis River,,Sengerfurt,AZ,98715,8826445685,Reeves,8457171800,Rolfson,Margot,224 Ollie Land,,Cathieside,AZ,97611-1013,9274388136,Pima
Adams,Melvin,Loise,,27,SARS coronavirus 2 RdRp gene [Presence] in Respiratory specimen by NAA with probe detection,Nasopharyngeal structure (body structure),Plasma specimen,ID NOW,Molecular,956034,216301,Inconclusive,2020-12-12,2020-12-12,2020-12-08,2020-12-06,2020-12-09,Black or African American,1966-11-16,U,Unknown,4121 Foster Inlet,,Schowalterfort,AZ,11870,7749719382,Pima,Resident,Y,N,N,N,"Org3, Lab2",66D1998942,1061 Murazik Fort,,Port Fabianside,PA,17345-8087,7165573654,Schuylkill,"Org3, Flat Plains",6518 Padberg Wall,,East Carlynside,AZ,20342,2095649033,Reeves,1261314905,Schuppe,Wilmer,574 Leuschke Pike,,Rutherfordberg,PA,59368,2705024091,Schuylkill
Weissnat,Barbara,Tommy,Jr.,29,SARS coronavirus 2 RdRp gene [Presence] in Respiratory specimen by NAA with probe detection,Nasopharyngeal structure (body structure),Nasopharyngeal aspirate,ID NOW,Molecular,965147,693237,Detected,2020-12-07,2020-12-06,2020-12-06,2020-12-11,2020-12-15,Other,1965-12-15,U,Non Hispanic or Latino,52805 Lona Island,,Port Tien,AZ,69819,5377535508,Pima,Visitor,Y,Y,UNK,Y,"Org3, Lab4",42D6714263,71215 Johns Loaf,,West Sammie,TX,16903-2906,5513504320,Uvalde,"Org3, Flat Plains",50615 McClure Pine,,North Billiefurt,AZ,08648,7277996472,Reeves,5810206435,Towne,Carey,98760 Hilll Hill,,Strosinhaven,TX,29956-9359,8270901995,Uvalde
Wisozk,Elenore,Antone,DDS,31,SARS coronavirus 2 RdRp gene [Presence] in Respiratory specimen by NAA with probe detection,Nasopharyngeal structure (body structure),Throat swab,ID NOW,Molecular,644965,310163,Not detected,2020-12-05,2020-12-09,2020-12-08,2020-12-13,2020-12-12,Other,1983-08-17,M,Hispanic or Latino,469 Nickolas Lane,,West Armindaton,AZ,03061,2302004146,Pima,Staff,Y,N,Y,Y,"Org4, Lab1",36D9787403,803 Lelia Stravenue,,Lake Buddy,TX,73424,2362760034,Harris,"Org4, Flat Plains",7616 Daniel Mission,,Gottliebmouth,AZ,93284,9329845037,Reeves,4520765433,Brown,Ross,253 Purdy Ways,,Wymanstad,TX,96611-2177,3186016551,Harris
Harris,Brain,Brandon,V,33,SARS-CoV-2 (COVID-19) Ag [Presence] in Respiratory specimen by Rapid immunoassay,Nasopharyngeal structure (body structure),Nasopharyngeal swab,BD Veritor System for Rapid Detection of SARS-CoV-2*,Antigen,345333,940479,Inconclusive,2020-12-15,2020-12-10,2020-12-09,2020-12-10,2020-12-09,White,2016-03-25,A,Non Hispanic or Latino,16096 Elmer Ferry,,South Bryce,AZ,53136-6551,7444443421,Pima,Student,Y,N,N,UNK,"Org4, Lab3",93D6179109,639 Jeremy Field,,South Benitoview,FL,12491,3329405752,St Johns,"Org4, Flat Plains",971 Nienow Dam,,Lenfort,AZ,02170,3964698200,Reeves,1857388070,Johns,Tracey,47401 Orpha Land,,Jonhaven,FL,82786-6893,3901946629,St Johns
Gorczany,Lynn,Jovita,,35,SARS-CoV-2 (COVID-19) Ag [Presence] in Respiratory specimen by Rapid immunoassay,Nasal structure (body structure),Serum specimen,BD Veritor System for Rapid Detection of SARS-CoV-2*,Antigen,517891,948797,Detected,2020-12-12,2020-12-08,2020-12-10,2020-12-13,2020-12-11,Native Hawaiian or Other Pacific Islander,1998-12-29,A,Non Hispanic or Latino,86582 Fidel Ferry,,Faheyberg,AZ,71191,3376368125,Pima,Teacher,Y,N,Y,N,"Org4, Lab5",74D8231959,777 Felton Meadows,,Kilbackbury,TX,23066-3422,2123065489,Stonewall,"Org4, Flat Plains",72411 Keneth Circle,,West Valentine,AZ,75543-8480,3588138814,Reeves,246056035,Will,Samuel,91001 Ashley River,,North Dennyside,TX,16758-2853,1664745382,Stonewall
Koch,Quinton,Dagny,,37,SARS-CoV-2 (COVID-19) Ag [Presence] in Respiratory specimen by Rapid immunoassay,Nasal structure (body structure),Mid-turbinate nasal swab,BD Veritor System for Rapid Detection of SARS-CoV-2*,Antigen,415467,271819,Not detected,2020-12-08,2020-12-15,2020-12-12,2020-12-12,2020-12-13,Other,1999-01-09,U,Unknown,850 Isabella Neck,,Bartonbury,AZ,60003,9655768118,Pima,Resident,N,N,Y,UNK,"Org4, Lab2",53D3608247,563 Volkman Trace,,Lake Scot,PA,40262-4526,5011837303,Erie,"Org4, Flat Plains",162 Bergstrom Falls,,Lake Enda,AZ,24394-6039,3244232885,Reeves,1501623647,Fisher,Dottie,678 Volkman Underpass,,New Zacheryville,PA,52272-9969,9664566295,Erie
Sawayn,Lindsay,Mia,,39,SARS-CoV-2 (COVID-19) Ag [Presence] in Respiratory specimen by Rapid immunoassay,Nasal structure (body structure),Throat swab,BD Veritor System for Rapid Detection of SARS-CoV-2*,Antigen,252325,482754,Inconclusive,2020-12-05,2020-12-09,2020-12-06,2020-12-06,2020-12-09,Other,2019-11-27,U,Non Hispanic or Latino,861 Mitchell Mall,,Faustinoton,AZ,76024-3543,2975401435,Pima,Visitor,N,N,UNK,UNK,"Org4, Lab4",99D0105731,67422 Will Causeway,,Binsside,PA,81643-2859,9797453126,Clarion,"Org4, Flat Plains",394 Nikolaus Lakes,,Faheyborough,AZ,13309-8279,7206769474,Reeves,1206171507,Feest,Daron,266 Hamill Stravenue,,East Marlin,PA,19443,2345134598,Clarion
Paucek,Francis,Sheryl,III,41,SARS-CoV-2 (COVID-19) Ag [Presence] in Respiratory specimen by Rapid immunoassay,Nasal structure (body structure),Serum specimen,BD Veritor System for Rapid Detection of SARS-CoV-2*,Antigen,421547,604710,Detected,2020-12-06,2020-12-06,2020-12-06,2020-12-13,2020-12-11,Black or African American,1932-05-22,M,Hispanic or Latino,9696 McGlynn Islands,,Beckerport,AZ,76376,5390584335,Pima,Staff,N,Y,UNK,N,"Org5, Lab1",43D5713702,627 Rosenbaum Lakes,,Cummingsville,PA,68364-0216,2309242231,Mercer,"Org5, Flat Plains",269 Wiza Loop,,East Shandraland,AZ,19725-9312,1945392314,Reeves,5353779240,Harvey,Fawn,6281 Anderson Parks,,North Hollisbury,PA,67467,6275176378,Mercer
Raynor,Mercedes,Jackson,II,43,SARS-CoV-2 (COVID-19) Ag [Presence] in Respiratory specimen by Rapid immunoassay,Nasal structure (body structure),Dried blood spot specimen,BD Veritor System for Rapid Detection of SARS-CoV-2*,Antigen,333060,727622,Not detected,2020-12-08,2020-12-13,2020-12-08,2020-12-09,2020-12-11,Other,1927-07-26,A,Non Hispanic or Latino,714 Wilson Bypass,,New Loren,AZ,13990,6644361734,Pima,Student,Y,UNK,UNK,Y,"Org5, Lab3",23D0063492,7658 Price Inlet,,Cartwrightbury,TX,65171-2488,1081035556,Wichita,"Org5, Flat Plains",0972 Stephan Trail,,New Darwin,AZ,24424-2268,4086307069,Reeves,3018835557,Hartmann,Sonny,09604 Sol Hills,,Shondraton,TX,75776,7766105891,Wichita
Barton,Dwain,Roger,Sr.,45,SARS-CoV-2 (COVID-19) Ag [Presence] in Respiratory specimen by Rapid immunoassay,Nasal structure (body structure),Dried blood spot specimen,BD Veritor System for Rapid Detection of SARS-CoV-2*,Antigen,439595,351066,Inconclusive,2020-12-13,2020-12-07,2020-12-08,2020-12-08,2020-12-07,Other,2016-07-15,A,Non Hispanic or Latino,538 Alda Pine,,South Janel,AZ,21853-3264,4482998650,Pima,Teacher,N,UNK,Y,UNK,"Org5, Lab5",85D1166576,2721 Julius Trace,,Antoniaton,PA,40688-0829,9875488207,Venango,"Org5, Flat Plains",07908 Annemarie Avenue,,Griselville,AZ,30213-0127,6656506970,Reeves,1698243335,Batz,Alvin,436 Cesar Station,,West Erick,PA,23368,1069108693,Venango
Schroeder,Jefferson,Kenny,IV,47,SARS-CoV-2 (COVID-19) Ag [Presence] in Respiratory specimen by Rapid immunoassay,Nasal structure (body structure),Anterior nares swab,BD Veritor System for Rapid Detection of SARS-CoV-2*,Antigen,370794,412294,Detected,2020-12-09,2020-12-05,2020-12-15,2020-12-11,2020-12-13,White,1993-10-08,U,Unknown,457 Quintin Flat,,South Pamulastad,AZ,31864-3177,3030411526,Pima,Resident,Y,N,Y,N,"Org5, Lab2",41D1654895,07673 Johnie Brook,,Darrenside,PA,01130-0610,8228981067,Indiana,"Org5, Flat Plains",7605 Nieves View,,Lake Loraine,AZ,10369-3320,2494162454,Reeves,6255723846,Leannon,Raymond,334 Hermiston Squares,,Harberside,PA,00263,2191072010,Indiana
Beier,Domingo,Luther,,49,SARS-CoV-2 (COVID-19) Ag [Presence] in Respiratory specimen by Rapid immunoassay,Nasal structure (body structure),Sputum specimen,BD Veritor System for Rapid Detection of SARS-CoV-2*,Antigen,548816,843787,Not detected,2020-12-10,2020-12-12,2020-12-06,2020-12-07,2020-12-14,White,1950-02-05,U,Non Hispanic or Latino,758 Jefferey Shore,,Madelaineberg,AZ,84998-4951,7724293413,Pima,Visitor,UNK,Y,N,Y,"Org5, Lab4",52D4373286,84457 Olin Lake,,New Suzi,PA,15707-7427,9030381433,Centre,"Org5, Flat Plains",7097 Carey Trace,,West Staceeberg,AZ,08527,4900594310,Reeves,173459695,Hackett,Cristie,5345 Marty Ridge,,Sanfordstad,PA,70698,6524538388,Centre
